---
source: native/tests/snapshots/snapshot_tests.rs
expression: result
---
Document {
    source: Source {
        code: "type User { \"User ID\" id: ID! }",
        file_path: "test.graphql",
        start_line: 0,
    },
    definitions: [
        TypeSystem(
            Type(
                Object(
                    ObjectTypeDefinition {
                        description: None,
                        name: Name(
                            "User",
                        ),
                        implements: [],
                        directives: [],
                        fields: [
                            FieldDefinition {
                                description: Some(
                                    Description {
                                        value: "User ID",
                                    },
                                ),
                                name: Name(
                                    "id",
                                ),
                                arguments: [],
                                typ: NonNull(
                                    Named(
                                        NamedType {
                                            name: "ID",
                                        },
                                    ),
                                ),
                                directives: [],
                            },
                        ],
                    },
                ),
            ),
        ),
    ],
}
