---
source: crates/native/tests/parser_tests.rs
expression: "parse!(r#\"interface Node { id: ID! }\n        type User implements Node { id: ID! name: String! }\n        type Post implements Node { id: ID! title: String! }\n        type Comment implements Node { id: ID! content: String! }\"#)"
---
Document {
    source: Source {
        code: "interface Node { id: ID! }\n        type User implements Node { id: ID! name: String! }\n        type Post implements Node { id: ID! title: String! }\n        type Comment implements Node { id: ID! content: String! }",
        file_path: "test.graphql",
        start_line: 1,
    },
    definitions: [
        TypeSystem(
            Type(
                Interface(
                    InterfaceTypeDefinition {
                        description: None,
                        name: TypeName(
                            Name(
                                "Node",
                            ),
                        ),
                        implements: [],
                        directives: [],
                        fields: [
                            FieldDefinition {
                                description: None,
                                name: FieldName(
                                    Name(
                                        "id",
                                    ),
                                ),
                                arguments: [],
                                typ: NonNull(
                                    Named(
                                        NamedType {
                                            name: TypeName(
                                                Name(
                                                    "ID",
                                                ),
                                            ),
                                        },
                                    ),
                                ),
                                directives: [],
                            },
                        ],
                    },
                ),
            ),
        ),
        TypeSystem(
            Type(
                Object(
                    ObjectTypeDefinition {
                        description: None,
                        name: TypeName(
                            Name(
                                "User",
                            ),
                        ),
                        implements: [
                            TypeName(
                                Name(
                                    "Node",
                                ),
                            ),
                        ],
                        directives: [],
                        fields: [
                            FieldDefinition {
                                description: None,
                                name: FieldName(
                                    Name(
                                        "id",
                                    ),
                                ),
                                arguments: [],
                                typ: NonNull(
                                    Named(
                                        NamedType {
                                            name: TypeName(
                                                Name(
                                                    "ID",
                                                ),
                                            ),
                                        },
                                    ),
                                ),
                                directives: [],
                            },
                            FieldDefinition {
                                description: None,
                                name: FieldName(
                                    Name(
                                        "name",
                                    ),
                                ),
                                arguments: [],
                                typ: NonNull(
                                    Named(
                                        NamedType {
                                            name: TypeName(
                                                Name(
                                                    "String",
                                                ),
                                            ),
                                        },
                                    ),
                                ),
                                directives: [],
                            },
                        ],
                    },
                ),
            ),
        ),
        TypeSystem(
            Type(
                Object(
                    ObjectTypeDefinition {
                        description: None,
                        name: TypeName(
                            Name(
                                "Post",
                            ),
                        ),
                        implements: [
                            TypeName(
                                Name(
                                    "Node",
                                ),
                            ),
                        ],
                        directives: [],
                        fields: [
                            FieldDefinition {
                                description: None,
                                name: FieldName(
                                    Name(
                                        "id",
                                    ),
                                ),
                                arguments: [],
                                typ: NonNull(
                                    Named(
                                        NamedType {
                                            name: TypeName(
                                                Name(
                                                    "ID",
                                                ),
                                            ),
                                        },
                                    ),
                                ),
                                directives: [],
                            },
                            FieldDefinition {
                                description: None,
                                name: FieldName(
                                    Name(
                                        "title",
                                    ),
                                ),
                                arguments: [],
                                typ: NonNull(
                                    Named(
                                        NamedType {
                                            name: TypeName(
                                                Name(
                                                    "String",
                                                ),
                                            ),
                                        },
                                    ),
                                ),
                                directives: [],
                            },
                        ],
                    },
                ),
            ),
        ),
        TypeSystem(
            Type(
                Object(
                    ObjectTypeDefinition {
                        description: None,
                        name: TypeName(
                            Name(
                                "Comment",
                            ),
                        ),
                        implements: [
                            TypeName(
                                Name(
                                    "Node",
                                ),
                            ),
                        ],
                        directives: [],
                        fields: [
                            FieldDefinition {
                                description: None,
                                name: FieldName(
                                    Name(
                                        "id",
                                    ),
                                ),
                                arguments: [],
                                typ: NonNull(
                                    Named(
                                        NamedType {
                                            name: TypeName(
                                                Name(
                                                    "ID",
                                                ),
                                            ),
                                        },
                                    ),
                                ),
                                directives: [],
                            },
                            FieldDefinition {
                                description: None,
                                name: FieldName(
                                    Name(
                                        "content",
                                    ),
                                ),
                                arguments: [],
                                typ: NonNull(
                                    Named(
                                        NamedType {
                                            name: TypeName(
                                                Name(
                                                    "String",
                                                ),
                                            ),
                                        },
                                    ),
                                ),
                                directives: [],
                            },
                        ],
                    },
                ),
            ),
        ),
    ],
}
